IEEE Transactions on Multimedia
IEEE Transactions on Systems , Man , and Cybernetics
The Computer Science Journal of Moldova
J. Location Based Services
ACM Trans. Embedded Comput. Syst.
SIGART Newsletter
JIT
Mathematical Programming
Machine Learning
Neural Computation
Journal of Object Technology
J. Intelligent Systems
T. Aspect-Oriented Software Development VI
Appl. Algebra Eng. Commun. Comput.
IJDSN
OR Insight
Int. J. Semantic Web Inf. Syst.
Intelligence
IEEE Trans. Industrial Informatics
Int. J. Communication Systems
IJVPLE
Int. J. Software and Informatics
IET Software
J. UCS
Applied Artificial Intelligence
T. Data Hiding and Multimedia Security
IEEE Transactions on Information Forensics and Security
J. Electronic Testing
IJANTTI
IEEE T. Fuzzy Systems
IEEE T. Instrumentation and Measurement
IEEE Trans. Systems Science and Cybernetics
Int. J. Satellite Communications Networking
Foundations and Trends in Theoretical Computer Science
The Electronic Library
J. Computer-Mediated Communication
IEEE Comp. Int. Mag.
IEEE Transactions on Systems, Man, and Cybernetics, Part B
Computers in Entertainment
Future Generation Comp. Syst.
Journal of Mathematical Imaging and Vision
Math. Oper. Res.
T. Computational Collective Intelligence
Electronic Notes in Discrete Mathematics
Digital System Research Center Report
ECEASST
International Journal on Artificial Intelligence Tools
Electronic Publishing
Journal of Zhejiang University - Science C
J. of IT 
IEEE/ACM Trans. Netw.
IJCOPI
The Atlantic Monthly
Microelectronics Reliability
IJRFITA
JCIT
JoCG
EURASIP J. Emb. Sys.
Telematics and Informatics
In: R. Rustin (ed.): Database Systems: 65-98, Prentice Hall and IBM Research Report RJ 987, San Jose, California
Medical Image Analysis
ADS
Scholarpedia
Neural Parallel 
Data Knowl. Eng.
IEEE Trans. VLSI Syst.
Formal Asp. Comput.
Journal of Communications and Networks
Computer Standards 
Management Science
International Journal of Geographical Information Science
Minds and Machines
JIPS
IJSN
IJEB
JSEA
J. Braz. Comp. Soc.
JIDM
IJABIM
Microprocessors and Microsystems - Embedded Hardware Design
Softw., Pract. Exper.
I. J. Social Robotics
Universit
TWEB
Source Code for Biology and Medicine
Int. J. Digital Earth
Distributed Computing
TPLP
J. Comput. Sci. Technol.
JASIS
IJERTCS
ITSSA
TACCESS
IJDWM
I. J. Humanoid Robotics
T. Edutainment
SIGHIT Record
Swarm Intelligence
ICST Trans. Ambient Systems
Theory Comput. Syst.
Educational Technology 
Revue Internationale de G
IJKESDP
Discrete Mathematics
GI Datenbank Rundbrief
JCP
J. Signal and Information Processing
IEEE Signal Process. Lett.
CLEI Electron. J.
Computers and the Humanities
J. Field Robotics
Micromachines
IJESMA
Eng. Comput. (Lond.)
Parallel Algorithms Appl.
nierie des Syst
 Digital Techniques
Theory of Computing, Graduate Surveys
ITA
Sci. Ann. Comp. Sci.
ICST Trans. Mobile Communications Applications
IEEE Journal on Selected Areas in Communications
Adv. Bioinformatics
IJAPUC
IJSITA
Foundations and Trends in Technology, Information and Operations Management
Research and Practice in Technology Enhanced Learning
Foundations and Trends in Electronic Design Automation
Expert Syst. Appl.
Neuroinformatics
Software and System Modeling
Int. J. Hum.-Comput. Stud.
 Language Processing
Inf. Process. Lett.
Stud. Inform. Univ.
Journal of Geographical Systems
Human Factors
Cryptologia
Technique et Science Informatiques
Intelligent Information Management
EJIS
IJPEDS
Numerical Algorithms
Multiscale Modeling 
Pattern Recognition Letters
Graphical Models
IJICT
IEEE Geosci. Remote Sensing Lett.
RASI
Nord. J. Comput.
Discrete Event Dynamic Systems
Sci. Ann. Cuza Univ.
Informatics in Education
JMPT
Kybernetes
omatique
IEEE Trans. Smart Grid
Programming and Computer Software
Statistics and Computing
Computational 
Computer Applications in the Biosciences
IJUC
TKDD
J. Autom. Reasoning
SIGIR Forum
Transactions on Computational Science
IEEE Software
IEEE Trans. Med. Imaging
SIAM J. Financial Math.
I. J. Advanced Corporate Learning
Expert Systems
IJLT
J. Cognitive Neuroscience
J. Database Manag.
Int. J. Intell. Syst.
Adv. Comput. Math.
Electronic Markets
IJIMR
Systems 
MIS Quarterly
Acta Inf.
IJAHUC
Pattern Anal. Appl.
Applied Categorical Structures
ICST Trans. e-Education e-Learning
J. Sci. Comput.
J. Optimization Theory and Applications
IEEE Trans. Mob. Comput.
Cryptography and Communications
J. Multivariate Analysis
Advances in Adaptive Data Analysis
J. Artif. Intell. Res. (JAIR)
Optical Switching and Networking
ACM Journal of Experimental Algorithmics
Parallel Computing
IJBIDM
IJATEM
Dagstuhl Manifestos
New Generation Comput.
IEEE Computer
Math. Comput.
Artif. Intell.
 Tourism
Multiagent and Grid Systems
Formalized Mathematics
Fundam. Inform.
Theor. Comput. Sci.
IJCNS
Cybernetics and Systems
Briefings in Bioinformatics
Foundations and Trends in Human-Computer Interaction
First Monday
CIT
American Journal of Computational Linguistics
AI Magazine
Symmetry
Mobile Information Systems
J. Nonlinear Science
Control and Intelligent Systems
Service Oriented Computing and Applications
JNIT
Wikipedia
 Scientific Comp.
I. J. Wireless 
SIAM J. Scientific Computing
Theory of Computing
Industrial Engineering
IJSSMET
IJITWE
IEEE Transactions on Intelligent Transportation Systems
Journal of Decision Systems
OCLC Systems Computing
Informatica (Slovenia)
Computer-Aided Design
International Journal of Computational Intelligence and Applications
Interactive Learning Environments
IJMR
T. HiPEAC
IJSNet
Applied Ontology
Inf. Res.
IJAL
Int. Arab J. e-Technol.
Electron. Trans. Artif. Intell.
RAIRO - Theor. Inf. and Applic.
IJPOP
IJSSS
Networks
IEEE Communications Magazine
Adv. Fuzzy Systems
Egyptian Computer Science Journal
Information Systems Research
Int. J. Approx. Reasoning
Sci. Comput. Program.
Embedded Systems Letters
SIAM J. Math. Analysis
SIGART Bulletin
J. of Management Information Systems
Scandinavian J. Inf. Systems
IJBIS
Bulletin of the IGPL
I. J. Knowledge and Web Intelligence
 Simulation
IEEE Computer Graphics and Applications
IJCAC
Hydrology and Earth System Sciences
Ecological Informatics
EURASIP J. Wireless Comm. and Networking
Computer Aided Geometric Design
Operating Systems Review
Bioinformatics [ISMB/ECCB]
ACM Trans. Math. Softw.
Concurrent Engineering: R
Electr. J. Comb.
Distributed and Parallel Databases
IJMMME
J. Math. Model. Algorithms
L'OBJET
Auton. Robots
Des. Codes Cryptography
Automatic Control and Computer Sciences
EURASIP J. Audio, Speech and Music Processing
 Control Letters
Procedia CS
J. Grid Comput.
JETC
IJISTA
IEEE Transactions on Communications
 Security
Genetic Programming and Evolvable Machines
IJSNET
IEEE Transactions on Systems, Man, and Cybernetics, Part C
LILOG-Report
J. Heuristics
J. Cryptographic Engineering
Nucleic Acids Research
Advanced Engineering Informatics
IJAGR
IJHCR
Graphs and Combinatorics
MCSS
Journal of WSCG
Personal and Ubiquitous Computing
Discrete Optimization
IJISSCM
SIAM J. Imaging Sciences
IEEE Micro
Signal, Image and Video Processing
Mathematical and Computer Modelling
J. Data and Information Quality
Journal of Intelligent and Fuzzy Systems
t Trier, Mathematik/Informatik, Forschungsbericht
T. Rough Sets
IJOM
JOEUC
Wireless Communications and Mobile Computing
Quality and Reliability Eng. Int.
Journal of Systems Architecture - Embedded Systems Design
IJES
IEEE Intell. Transport. Syst. Mag.
IJIIP
IBM Research Report, San Jose, California
Information Systems Security
Computing in Science and Engineering
IEEE Intelligent Informatics Bulletin
IJCEE
J. Funct. Program.
Comput. Graph. Forum
Int. J. Intell. Games 
J. Real-Time Image Processing
IJ3DIM
J. Scheduling
IEEE T. Geoscience and Remote Sensing
AI in Engineering
MIS Quarterly Executive
IJGCMS
Praxis der Informationsverarbeitung und Kommunikation
SIAM J. Comput.
IJCICG
EURASIP J. Image and Video Processing
Discussiones Mathematicae Graph Theory
 Mathematical Organization Theory
Lisp and Symbolic Computation
Bull. Acad. Polon. Sci., S
Neural Processing Letters
TAAS
Kybernetica
VLDB J.
SIGARCH Computer Architecture News
Computer Speech 
Speech Communication
IJGC
JACIII
ACM Trans. Softw. Eng. Methodol.
Ann. Software Eng.
Knowl.-Based Syst.
Robotica
Science and Engineering Ethics
J. Visual Communication and Image Representation
Markup Languages
Finite Fields and Their Applications
 Work
Int. Syst. in Accounting, Finance and Management
TSLP
J. Sensor Technology
Wireless Networks
J. Computing in Higher Education
IJNMC
Internet Research
Soft Comput.
ACM Queue
IEICE Transactions
Health Informatics Journal
Interact. Techn. Smart Edu.
ACM SIGSOFT Software Engineering Notes
IACR Cryptology ePrint Archive
EURASIP J. Bioinformatics and Systems Biology
IJMSO
ACM Transactions on Algorithms
Computer Vision, Graphics, and Image Processing
Electr. Notes Theor. Comput. Sci.
European Transactions on Telecommunications
n y Sistemas
IEEE Annals of the History of Computing
IEEE Computational Intelligence Bulletin
IEEE Trans. Biomed. Engineering
BMC Bioinformatics
Inf. Process. Manage.
IJDSST
IEEE Expert
Journal of Research and Practice in Information Technology
IJCSA
J. Org. Computing and E. Commerce
IEEE Intelligent Systems
T. GIS
IEEE Trans. Computers
Ann. Pure Appl. Logic
J. Cryptology
 Data Analysis
Journal of Functional and Logic Programming
Int. J. Hum. Comput. Interaction
IRMJ
Journal in Computer Virology
IJEGR
IMA J. Math. Control 
Cognitive Science
J. Bioinformatics and Computational Biology
Earth Science Informatics
r Medienpsychologie
Order
Algorithmic Operations Research
Foundations and Trends in Robotics
JITR
J. AIS
iJOE
Concurrency and Computation: Practice and Experience
IJNCR
Information Security Journal: A Global Perspective
IEEE-RITA
JITE
NHM
Journal of Intelligent and Robotic Systems
iJEP
IEEE Transactions on Information Technology in Biomedicine
SIAM J. Applied Dynamical Systems
IEEE T. Automation Science and Engineering
IJIQ
IJBRA
IJBDCN
Dagstuhl Reports
I. J. Artificial Intelligence in Education
Foundations and Trends in Databases
IJMTIE
Technical Rep. UKSC 0060, IBM United Kingdom Scientific Centre
Internet Mathematics
 Interfaces
Advances in Computers
J. Log. Algebr. Program.
IJCNIS
J. Comp. Assisted Learning
RAIRO - Operations Research
J. Embedded Computing
Empirical Software Engineering
J. Exp. Theor. Artif. Intell.
J. Digit. Inf.
Datenbank-Spektrum
IBM Publication
Environmental Modelling and Software
Datenbank Rundbrief
Advanced Robotics
Int. J. Pervasive Computing and Communications
TOS
iJET
IEEE Trans. Education
Telecommunication Systems
Angewandte Informatik
ACM Trans. Program. Lang. Syst.
J. Solid-State Circuits
TACO
Inf. Syst. J.
Inf. Manag. Comput. Security
IJSDS
JDCTA
Ad Hoc Networks
Journal of Interconnection Networks
IJMDEM
JDIM
rich, Dept. of Computer Science
IJIDE
Applied Mathematics and Computation
IEEE T. Autonomous Mental Development
Journal of Computer Security
IEEE Concurrency
Journal of Logic, Language and Information
Journal of Chemical Information and Modeling
EURASIP J. Adv. Sig. Proc.
Int. J. Neural Syst.
Information Systems Frontiers
iJIM
LILOG-Memo
Online Information Review
IJSTM
Intell. Data Anal.
Ad Hoc 
Journal of Information, Law and Technology
Computer Languages, Systems 
JSAT
IJAC
e-Minds
IJAEIS
Eur. J. Comb.
IJAOSE
IEEE Trans. Circuits Syst. Video Techn.
IJKL
I. J. Law and Information Technology
AI Commun.
Multimedia Syst.
Commun. ACM
Ann. Math. Artif. Intell.
FO 
Natural Computing
Foundations and Trends in Web Science
IJISCM
Computers, Environment and Urban Systems
ACM Trans. Model. Comput. Simul.
J. Sel. Topics Signal Processing
Journal of Chinese Language and Computing
IEEE Trans. Pattern Anal. Mach. Intell.
Automatisierungstechnik
The Visual Computer
Higher-Order and Symbolic Computation
Rundbrief der GI-Fachgruppe 5.10 Informationssystem-Architekturen
Foundations and Trends in Machine Learning
Int. J. Found. Comput. Sci.
Bulletin of Symbolic Logic
Enterprise IS
TOCE
Computerworld
Scientific Programming
J. Artificial Societies and Social Simulation
J. Quantum Information Science
AI Soc.
IJEA
T. Comp. Sys. Biology
J. Information Science
Neural Networks
IJDE
IEEE Trans. Dependable Sec. Comput.
IJITM
J. Parallel Distrib. Comput.
 Graphics
Graphical Models and Image Processing
STTT
Acta Cybern.
Discrete 
JAMDS
IS Management
J. Symb. Comput.
Inf. Soc.
IJHPCA
Information and Organization
Int. Journal of Network Management
D-Lib Magazine
Computers in Human Behavior
Math. Log. Q.
Mathematics in Computer Science
IEEE Internet Computing
Informatik Spektrum
 Information Systems Engineering
IWBS Report
Language Resources and Evaluation
IEEE Communications Letters
IET Computers 
J. Low Power Electronics
Notre Dame Journal of Formal Logic
IJEHMC
ERCIM News
NeuroImage
IEEE Trans. Knowl. Data Eng.
I. J. Functional Informatics and Personalised Medicine
Networking and Information Systems
Interacting with Computers
Int. J. Math. Mathematical Sciences
JIP
IEEE Transactions on Network and Service Management
Int. J. Computer Games Technology
ACM Trans. Asian Lang. Inf. Process.
Proc. Natl. Acad. Sci. USA
Comp. Int. and Neurosc.
Journal of Machine Learning Research - Proceedings Track
IJNVO
JTAER
ACM Trans. Internet Techn.
Pattern Recognition
KES Journal
Procesamiento del Lenguaje Natural
Organization Science
Int. J. Inf. Sec.
Software Quality Journal
CVGIP: Graphical Model and Image Processing
IJHCITP
Journal of Approximation Theory
Computational Biology and Chemistry
 OR
 DM
IEEE/ACM Trans. Comput. Biology Bioinform.
IEEE Transactions on Information Theory
Digital Investigation
ARIST
Circuits and Systems
Automatica
J. Geographic Information System
The Journal of Supercomputing
J. Cellular Automata
Requir. Eng.
IJEH
 Electrical Engineering
IJSKD
TLT
Software Process: Improvement and Practice
PsychNology Journal
IEEE Transactions on Speech and Audio Processing
Digital Technical Journal
Softw. Test., Verif. Reliab.
IJCINI
Genomics, Proteomics 
Signal Processing
Computer Networks and ISDN Systems
Comp.-Aided Civil and Infrastruct. Engineering
IJARAS
Discrete Applied Mathematics
South African Computer Journal
Computational Intelligence
J. Internet Services and Applications
J. Comb. Theory, Ser. A
J. Comput. Science
IJATS
Software Focus
Electronic Colloquium on Computational Complexity (ECCC)
Information and Control
European Journal of Operational Research
VLSI Signal Processing
LOPLAS
IJWGS
Autonomous Agents and Multi-Agent Systems
Wirtschaftsinformatik
IEEE Pervasive Computing
Journal of Social Structure
ICGA Journal
International Journal of High Speed Computing
Annual Reviews in Control
J. Comput. Inf. Sci. Eng.
ACM Trans. Comput. Syst.
Computational Complexity
IJICTRDA
Inteligencia Artificial, Revista Iberoamericana de Inteligencia Artificial
Evolutionary Computation
IJDCF
FDT - Bulletin of ACM SIGMOD
World Wide Web
Comput. J.
Reports on Mathematical Logic
Data Quality Journal
Universal Access in the Information Society
Algorithmica
IEEE Distributed Systems Online
Wiley Interdisc. Rew.: Data Mining and Knowledge Discovery
IEEE Data Eng. Bull.
Real-Time Systems
J. Data Semantics
 Commun. Technology
 Structures
J. Electronic Imaging
Advances in Computing Research
IJOSSP
JNW
IJICTE
Software - Concepts and Tools
TAL
IJIDS
Appl. Intell.
Applied Mathematics and Computer Science
Adv. Operations Research
Mach. Vis. Appl.
IJCVIP
IJQAETE
IEEE Transactions on Image Processing
IBIS
IJEIS
Machine Learning
Int. J. IT Standards and Standardization Res.
Statistical Analysis and Data Mining
Computational Linguistics
Comput. Geom.
Network Security
IEEE T. Services Computing
IJAMC
J. Prog. Lang.
JUSPN
IJAVET
IJWIN
IJCWT
C't Magazin f
Marketing Science
ACM Trans. Comput. Log.
International Journal of Computational Engineering Science
Queueing Syst.
International Journal of Internet and Enterprise Management
Distributed Systems Engineering
IJIIDS
SIGecom Exchanges
ACM Trans. Inf. Syst. Secur.
IJGHPC
Journal of Chemical Information and Computer Sciences
Synthese
Ars Comb.
International Journal of Shape Modeling
Adv. Data Analysis and Classification
IJISMD
J. Digital Imaging
ACM TIST
Autom. Softw. Eng.
JAMIA
J. Algorithms
Production Engineering
IJMCMC
Computer Vision and Image Understanding
J. Ambient Intelligence and Humanized Computing
DATA BASE
Grammars
Simul. Pr. Theory
ACM StandardView
IEEE Transactions on Wireless Communications
SIGMETRICS Performance Evaluation Review
J. Classification
Revue d'Intelligence Artificielle
IJISP
Business 
IJWP
J. Information Security
 Sensor Wireless Networks
IJMBL
Annals of GIS
IJWNBT
Journal of Computational Neuroscience
Decision Analysis
Inform., Forsch. Entwickl.
Fuzzy Sets and Systems
 Computation
Cognition, Technology 
IJBPSCM
Bulletin of the EATCS
Robotersysteme
IJKDB
I. J. Robotic Res.
Constraints
J. Knowledge Management
Journal of Computational Biology
IEEE Transactions on Robotics
mes d'Information
Integration
ACM SIGAPL APL Quote Quad
Reliable Computing
J. Spatial Information Science
 Mathematics with Applications
IEEE Trans. Prof. Communication
J. Comput. Physics
Computaci
IJWMC
IJISSC
IJWBC
Comput. Syst. Sci. Eng.
IJIIT
Comput. Lang.
Journal of Graph Theory
Knowledge Eng. Review
Combinatorica
IJISCRAM
J. Applied Logic
Central Europ. J. Computer Science
CMG Transactions
Computing Systems
JASIST
Inf. Syst. E-Business Management
JECO
People
IEEE Transactions on Neural Networks
Transportation Science
Simulation Modelling Practice and Theory
Combinatorics, Probability 
PLoS Computational Biology
Artif. Intell. Rev.
Cognitive Computation
Finance and Stochastics
EG
 Geosciences
IJAEC
International Journal of Computer Vision
Artif. Intell. Law
Kognitionswissenschaft
J. Vis. Lang. Comput.
J. Global Optimization
IJSSE
 Education
ICST Trans. Security Safety
Webology
J. Computational Applied Mathematics
IJISSS
Informatica, Lith. Acad. Sci.
ACM SIGMOD Digital Symposium Collection
Int. J. Comput. Geometry Appl.
Comput. Sci. Inf. Syst.
American J. Computational Mathematics
J. Complexity
Interactions
LOG IN
AI EDAM
IJHISI
 Services
JAISE
Electronic Networking: Research, Applications and Policy
Adv. Artificial Intellegence
PVLDB
IJEBR
Applied Optics
Microprocessors and Microsystems
Image and Vision Computing
Datenschutz und Datensicherheit
IJKSS
INFORMS Journal on Computing
Nachr. Dok.
Foundations and Trends in Networking
IJSS
J. Systems and IT
 Privacy
International Journal of Software Engineering and Knowledge Engineering
Computing and Informatics
IEICE Electronic Express
IEEE Trans. on Circuits and Systems
 Software Technology
Artificial Intelligence in Medicine
IEEE Trans. Contr. Sys. Techn.
Adv. Human-Computer Interaction
Int. J. Comp. Sci. Sport
Complexity
Int. J. Image Graphics
SIGACT News
J. Instruction-Level Parallelism
SIAM J. Numerical Analysis
IEEE Trans. Software Eng.
SIGMOD Record
Operations Research
Parallel Processing Letters
Bulletin of the International Statistics Institute
IEEE Transactions on Systems Man and Cybernetics
IJKSR
Object Oriented Systems
Peer-to-Peer Networking and Applications
IT 
Mathematics and Computers in Simulation
J. Graphics Tools
IJDAR
T. Affective Computing
IJDMB
Computer Networks
J. Log. Program.
Int. J. Adv. Comp. Techn.
IJDMMM
IEEE Trans. Parallel Distrib. Syst.
4OR
Journal of Computational Chemistry
Computers and Artificial Intelligence
CoRR
RITA
Int. J. Semantic Computing
Journal of Systems Architecture
Int. J. Comput. Proc. Oriental Lang.
Hypermedia
IEEE Technol. Soc. Mag.
Cybernetics and Human Knowing
IJSIR
J. Network and Computer Applications
Foundations of Computational Mathematics
it+ti - Informationstechnik und Technische Informatik
Cartographica
IJEEI
IEEE Trans. Comput. Intellig. and AI in Games
J. Log. Comput.
Journal of Computer-Aided Molecular Design
LLC
it - Information Technology
T. Mass-Data Analysis of Images and Signals
Foundations and Trends in Stochastic Systems
Int. J. Computer Integrated Manufacturing
Formal Methods in System Design
Transactions on Data Privacy
Advances in Engineering Software
Inf. Syst.
MCFNS
JGIM
Knowledge Acquisition
Wireless Engineering and Technology
ACM Trans. Graph.
IJGBL
Cognitive Processing
Softwaretechnik-Trends
ANSI X2H2
 Service Operations Management
Manufacturing 
Communications and Network
IJSE
J. Mobile Multimedia
Computer Communication Review
Mathematical Systems Theory
Bioinformatics [ISMB]
IEEE Transactions on Audio, Speech 
J. Electron. Commerce Res.
Logistics Research
SCIENCE CHINA Information Sciences
SIGPLAN Notices
J. Discrete Algorithms
Mobile Computing and Communications Review
Industrial Management and Data Systems
Informatica Didactica
Data Science Journal
 Management
IMPACT Comput. Sci. Eng.
IJDET
Revista Colombiana de Computaci
J. Graph Algorithms Appl.
Behaviour 
GeoInformatica
Logical Methods in Computer Science
TOSN
 Bioinformatics
JOCCH
Web Intelligence and Agent Systems
Sig. Proc.: Image Comm.
Advances in Complex Systems
International Journal of Uncertainty, Fuzziness and Knowledge-Based Systems
Inf. Retr.
ACM Trans. Database Syst.
 IT
J. Comput. Syst. Sci.
IJTD
IJICST
J. High Speed Networks
Biosystems
VLSI Design
Journal of Software Maintenance
Social Netw. Analys. Mining
International Journal of Geographical Information Systems
Presence
Evolutionary Intelligence
Logic Journal of the IGPL
Annales des T
J. Comb. Optim.
Connect. Sci.
 Test of Computers
news@nature.com
TAP
Inf. Comput.
Computing
IBM Research Report
Australasian J. of Inf. Systems
J. Simulation
IJMC
IEEE Trans. Biomed. Circuits and Systems
Information Economics and Policy
Journal of Automata, Languages and Combinatorics
submitted to IEEE Expert
Int. J. Systems Science
JIKM
J. Inf., Comm, Ethics in Society
eLearn Magazine
JOOP
IEEE MultiMedia
In Silico Biology
IJCAT
Machine Translation
IEEE Trans. Automat. Contr.
IEEE Security 
Intelligent Decision Technologies
IEEE Database Eng. Bull.
TiiS
Optimization Letters
ACM Trans. Comput.-Hum. Interact.
Int. J. Hybrid Intell. Syst.
Grey Systems: T
Multimedia Tools Appl.
IJVCSN
Scalable Computing: Practice and Experience
J. Web Eng.
I. J.  Computational Biology and Drug Design
TIIS
Neurocomputing
I. J. Bifurcation and Chaos
Intelligenza Artificiale
Journal of Quantitative Linguistics
Image Vision Comput.
IBM Journal of Research and Development
IJACT
 Information
Journal of Systems Integration
IEEE Transactions on Systems, Man, and Cybernetics
IEEE Trans. on CAD of Integrated Circuits and Systems
Int. J. Cooperative Inf. Syst.
Journal Comp. Netw. and Communic.
J. Enterprise Inf. Management
Real-Time Imaging
Control and Cybernetics
JORS
IJPRAI
Studia Logica
ACM Journal of Computer Documentation
Pervasive and Mobile Computing
Computer Music Journal
technical Report 248, ETH Z
J. Intell. Inf. Syst.
ISSE
Computational Geometry
Annals of Mathematical Statistics
Computers in Industry
Mathematical Programming Study
IEEE Transactions on Systems, Man, and Cybernetics, Part A
Artificial Life
IJBIR
Cognitive Systems Research
Algorithms
J. Visualization
SIGSPATIAL Special
Meth. of Logic in CS
T. Aspect-Oriented Software Development
Language and Linguistics Compass
Algorithms for Molecular Biology
IEEE Systems Journal
IJHPCN
Knowl. Inf. Syst.
Science in China Series F: Information Sciences
J. ACM
Adv. in MM
African J. of Inf. 
IEEE Communications Surveys and Tutorials
Microprocessing and Microprogramming
AISS
IEEE Wireless Commun.
Interfaces
IJNGC
Swarm and Evolutionary Computation
ACM Trans. Design Autom. Electr. Syst.
Computer Supported Cooperative Work
SIAM Review
IJCCE
OOPS Messenger
Electronic Commerce Research
ACM SIGMOD Digital Review
Int. J. Comput. Math.
IJITN
IEEE Trans. Evolutionary Computation
Applied Comp. Int. Soft Computing
OMICS
Enterprise Modelling and Information Systems Architectures
World Wide Web Journal
IJIRR
JSW
IJMHCI
I. J. Network Security
IJCBPL
Comp. Math. Methods in Medicine
JLCL
FDT - Bulletin of ACM SIGFIDET
IEEE Trans. Neural Netw. Learning Syst.
IJORIS
Journal of Biomedical Informatics
 Language
Computer Communications
SIGKDD Explorations
Statistical Methods and Applications
Int. J. Comput. Syst. Signal
J. Strategic Inf. Sys.
TAPOS
IEEE Network
TRETS
BIAA
J. Network Syst. Manage.
IEEE Transactions on Signal Processing
IT Professional
Decision Support Systems
Elektronische Rechenanlagen
Multiple-Valued Logic and Soft Computing
Information Fusion
Foundations and Trends in Computer Graphics and Vision
IJFSA
Arch. Math. Log.
Schedae Informaticae
Quantum Information 
D
Proceedings of the IEEE
MONET
IJWLTT
Scientometrics
IEEE Instrum. Meas. Mag.
Adv. Software Engineering
Engineering Letters
 Game Tools
Future Internet
ACM Trans. Management Inf. Syst.
A
J. Web Sem.
ACM Trans. Inf. Syst.
 Chemical Engineering
J. Inf. Sci. Eng.
International Journal of Man-Machine Studies
IJDLS
IJITPM
Med. Biol. Engineering and Computing
Robotics and Autonomous Systems
Computer and Information Science
Memetic Computing
J. Cases on Inf. Techn.
Zeitschrift f
IJOPCD
Journal of Visualization and Computer Animation
Systems Engineering
IJCALLT
l
Journal of Computer Research and Development
Computational Statistics 
International Journal of Information Technology and Decision Making
Math. Program.
Mathematical Social Sciences
BIT
Australian Computer Journal
Int. J. Digital Multimedia Broadcasting
IEEE Design 
IJDTIS
SIAM Journal on Optimization
Int. J. Web Service Res.
Systems and Computers in Japan
IJOCI
Journal of Circuits, Systems, and Computers
 Optical Communications
J. Graphics, GPU, 
Digital Signal Processing
i-com
Comp. Med. Imag. and Graph.
IJTEM
J. Informetrics
IJACDT
IJCMAM
Journal of Systems and Software
User Model. User-Adapt. Interact.
J. Applied Mathematics
GTE Laboratories Incorporated
Inf. Sci.
Int. J. Applied Earth Observation and Geoinformation
Theoretical Computer Science
ACM Journal of Educational Resources in Computing
IJITBAG
EURASIP J. Information Security
Foundations and Trends in Information Retrieval
The New Review of Hypermedia and Multimedia
KI
IJALR
J. Electrical and Computer Engineering
Library Trends
e-Informatica
Int. J. Biomedical Imaging
IJICTHD
Foundations and Trends in Signal Processing
Appl. Math. Lett.
Eng. Appl. of AI
communications
BioData Mining
Appl. Soft Comput.
Natural Language Engineering
IJITSA
J. Community Informatics
Transactions on Pattern Languages of Programming
Library Hi Tech
IJMTM
Int. J. Computer Assisted Radiology and Surgery
Oper. Res. Lett.
SIGCSE Bulletin
Electronic Commerce Research and Applications
Computer Architecture Letters
Operational Research
Signal Processing Systems
Information Storage and Retrieval
Semantic Web
IJWIS
ACM SIGMOD Anthology
SIAM J. Control and Optimization
IJCCBS
I. J. Computer-Supported Collaborative Learning
JACIC
JCM
Journal of Multimedia
Discrete Mathematics 
IJKBO
Wasserwirtschaft
IJAOM
Virtual Reality
IJT
SIAM J. Matrix Analysis Applications
IJTHI
Computer Methods and Programs in Biomedicine
T. Large-Scale Data- and Knowledge-Centered Systems
HMD - Praxis Wirtschaftsinform.
Data Min. Knowl. Discov.
IJVR
LDV Forum
Annals OR
IJKM
Information Visualization
Communications in Statistics - Simulation and Computation
Perform. Eval.
Journal of Machine Learning Research
ACM Crossroads
IEEE T. Haptics
J. Riga Technical University
Ing
IJCIS
Compulog Newsletter
Science
IJWMIP
IEEE Robot. Automat. Mag.
Design Autom. for Emb. Sys.
IJIPM
Wireless Sensor Network
Tran. CBR
Mathematical Structures in Computer Science
EMISA Forum
IJSODIT
I. J. Information Acquisition
Am. J. Hum Genet
Artificial Intelligence Review
IEE Proceedings - Software
I. J. Robotics and Automation
Elektrotechnik und Informationstechnik
Cluster Computing
IJeC
JCSE
TOMCCAP
Int. Arab J. Inf. Technol.
Game Studies
Chicago J. Theor. Comput. Sci.
J. Comb. Theory, Ser. B
IJNC
IJIPT
Journal of Applied Non-Classical Logics
Security and Communication Networks
IJWA
 Society
 Chemistry
Int. Journal in Computer Simulation
Neural Computing and Applications
IJDLDC
I. J. Comput. Appl.
J. Integrative Bioinformatics
J. Digital Forensic Practice
Computer Physics Communications
Foundations and Trends in Communications and Information Theory
Bell Labs Technical Journal
Elektronische Informationsverarbeitung und Kybernetik
APJOR
IEEE Transactions on Reliability
Microelectronics Journal
Random Struct. Algorithms
Int. J. on Digital Libraries
IEEE Trans. Vis. Comput. Graph.
Int. J. Web Eng. Technol.
Structured Programming
International Journal of Parallel Programming
r. Sci. Math. Astronom. Phys.
J. Symb. Log.
IJBIC
ACM Comput. Surv.
IJSSOE
TOCT
I. J. Medical Informatics
ANSI X3H2
Information 
Biological Cybernetics
r Computer Technik
Int. J. Intelligence Science
J. Medical Systems
IJDST
Frontiers of Computer Science in China
Simulation
Int. J. of Applied Metaheuristic Computing
Concurrency - Practice and Experience
IJEP
IJGIS
IBM Systems Journal
IJACI
IJSSCI
Adv. Internet of Things
SIAM Journal of Applied Mathematics
Bioinformatics
Trans. MLDM
SIAM J. Discrete Math.
T. Petri Nets and Other Models of Concurrency
Experimental Mathematics
JILSA
ACM Computing Reviews
ACM Computing Surveys
ACM SIGACT News
Computer-Human Interaction
Multimedia Computing, Communications, and Applications
Programming Languages and Systems
Acta Informatica
Adaptive Behavior
ALGOL Bulletin
Algorithmica
Archives of Computational Methods in Engineering
Cluster Computing
Cognitive Systems Research
Combinatorica
Communications of the ACM
Computational and Mathematical Organization Theory
Computational Intelligence
Computational Mechanics
Computer Aided Surgery (Journal)
Computer Graphics (publication)
The Computer Journal
Computer Law and Security Report
Computer Networks
Computer Underground Digest
Concurrent Engineering
Data Mining and Knowledge Discovery
Distributed Computing
Electronic Letters on Computer Vision and Image Analysis
Electronic Notes in Theoretical Computer Science
Electronic Proceedings in Theoretical Computer Science
EURASIP Journal on Advances in Signal Processing
Evolutionary Computation
First Monday
Formal Aspects of Computing
Foundations and Trends in Communications and Information Theory
Fundamenta Informaticae
Fuzzy Sets and Systems
Global Journal of Computer Science and Technology
Higher-Order and Symbolic Computation
HOOPLA!
ICGA Journal
IEEE Annals of the History of Computing
IEEE Intelligent Systems
IEEE Micro
IEEE MultiMedia
IEEE Software
Control Systems and Technology
Evolutionary Computation
Information Theory
Pattern Analysis and Machine Intelligence
IEEE/Computational Biology and Bioinformatics
IEEE/Networking
Information and Computation
Information Processing Letters
Information Services & Use
Information Systems Journal
Innovations in Systems and Software Engineering
Institute for Advanced Studies in Systems Research and Cybernetics
Applied Mathematics and Computer Science
Computational Cognition
Computational Geometry and Applications
Computational Intelligence and Applications
Computational Methods
Computer Assisted Radiology and Surgery
Computer Processing of Languages
Cooperative Information Systems
Foundations of Computer Science
High Performance Computing Applications
Information Acquisition
Information Technology & Decision Making
Mobile and Blended Learning
Pattern Recognition and Artificial Intelligence
Semantic Computing
Shape Modeling
Software and Informatics
Software Engineering and Knowledge Engineering
Uncertainty, Fuzziness and Knowledge-Based Systems
Wavelets, Multiresolution and Information Processing
Wireless Information Networks
Journal on Artificial Intelligence Tools
The Journal of Object Technology
Journal of the ACM
Journal of the Brazilian Computer Society
Journal of Artificial Intelligence Research
Journal of Automata, Languages and Combinatorics
Journal of Automated Reasoning
Journal of Bioinformatics and Computational Biology
Journal of Chemical Information and Modeling
Journal of Circuits, Systems, and Computers
Journal of Communications and Networks
Journal of Computational Geometry
Journal of Computer and System Sciences
Journal of Computer-Mediated Communication
Journal of Cryptology
Journal of Formalized Reasoning
Journal of Functional Programming
Journal of Graph Algorithms and Applications
Journal of Grid Computing
Journal of Information Technology & Politics
Journal of Interconnection Networks
The Journal of Logic and Algebraic Programming
Journal of Logic and Computation
Journal of Machine Learning Research
Proceedings of the Royal Society of London
Journal of Multimedia
Journal of Software Maintenance and Evolution: Research and Practice
Journal of Statistical Software
The Journal of Supercomputing
Journal of Symbolic Computation
Journal of Systems and Software
Journal of Web Semantics
Kairos: A Journal of Rhetoric, Technology, and Pedagogy
Logical Methods in Computer Science
Machine Learning
Minds and Machines
Mobile Computing and Communications Review
Natural Computing
Neurocomputing
Parallel Processing Letters
Performance Evaluation
Personal and Ubiquitous Computing
Presence: Teleoperators & Virtual Environments
Proceedings of the IEEE
Program: Electronic Library and Information Systems
QSAR & Combinatorial Science
ReCALL
Russian IT Quarterly
Science Software Quarterly
Scientific Computing & Instrumentation
SIAM Journal on Computing
SIAM J of Computing
SIAM J on Computing
SIAM Journal on Scientific Computing
Simulation & Gaming
Software and Systems Modeling
Software Engineering Notes
Software Testing, Verification & Reliability
Theoretical Computer Science
Transactions on Aspect Oriented Software Development
TUGboat
ACM Design of Communication
ACM Multimedia
ACM SIGIR Conference
ACM SIGMOD Conference
ACM/IEEE Supercomputing Conference
Alan Turing Year
Annual Conference of the European Association for Computer Graphics
Annual Conference of the North American Chapter of the Association for Computational Linguistics
Annual Meeting of the Association for Computational Linguistics
Australasian Language Technology Association
Computer Vision and Pattern Recognition
Human Factors in Computing Systems
Information and Knowledge Management
Innovative Data Systems Research
Knowledge Discovery and Data Mining
Dagstuhl
Datatjej
Digital Humanities conference
European Computer Science Summit
European Computer Vision
European Information Retrieval
European Object-Oriented Programming
European Joint Conferences on Theory and Practice of Software
European Summer School in Logic, Language and Information
Federated Computing Research Conference
Haskell Symposium
History of Programming Languages
Information Systems Research in Scandinavia
ACM SIGACCESS Computers and Accessibility
Computer Music Conference
Acoustics, Speech, and Signal Processing
Architectural Support for Programming Languages and Operating Systems
Availability, Reliability and Security
Bioinformatics
Compiler Construction
Computer and Information Technology
Computer Vision
Functional Programming
Intelligent Text Processing and Computational Linguistics
Interactive Computer Aided Learning
Language Resources and Evaluation
Logic Programming
Parallel and Distributed Systems
Remote Engineering and Virtual Instrumentation
Services Computing
Very Large Data Bases
VLSI Design
Solid-State Circuits Conference
Supercomputing Conference
Computer Architecture
Logic-based Program Synthesis and Transformation
Memory Management
Microarchitecture
Mixed and Augmented Reality
Wearable Computers
World Wide Web Conference
Large Installation System Administration Conference
MobileHCI
Onward!
OOPSLA
Operating Systems Design and Implementation
Pacific Biocomputing
Principles of Programming Languages
Programming Language Design and Implementation
SIGGRAPH
SPLASH conference
Applied Computing
Operating Systems Design and Implementation
Operating Systems Principles
Principles and Practice of Parallel Programming
Principles of Database Systems
Trends in Functional Programming
Technical Computer Science Education
TOOLS conference series
USENIX File and Storage Technologies
USENIX Security Symposium
VLDB
WikiSym
Algorithmic Approaches for Transportation Modeling, Optimization, and Systems
Algorithms Engineering
Algorithms in Bioinformatics
Generic Programming
Information Technologies and Systems
World Multiconference on Systemics, Cybernetics and Informatics
AAAI Artificial Intelligence
AI@50
Neural Information Processing Systems
Dartmouth Conferences
ECML PKDD
European Artificial Intelligence
Machine Learning
Joint Artificial Intelligence
RuleML Symposium