IbaI Publishing
Berlin
Herbert Utz Verlag
Pitman Publishing Company
Rodopi
Saint Mary's University, Canada
Carleton University, Ottawa, Canada
The Association for Computational Linguistics
The Society for Modeling and Simulation International (SCS)
North-Holland/Elsevier
McGraw-Hill
John Wiley and Sons Inc
SIAM Publications
Tata McGraw-Hill Publishing Company Limited
BRICS, Department of Computer Science, University of Aarhus
IEEE Computer Society / North-Holland
Digital Government Research Center
Copenhagen Business School
ditions Universitaires d'Avignon
University of Toronto Press
KIT Scientific Publishing, Karlsruhe
IEEE Computer Society Press / ACM
Systems Internationalisation, Inc.
UFMG
Academic Publishers/World Publishing Corporation
lardalen University, Box 883, 721 23 V
Korea Institute of Information Security and Cryptology (KIISC)
Akademische Verlagsgesellschaft Aka GmbH
INRIA, Rocquencourt, France
Technische Universit
CEUR-WS.org
Universidad de Las Palmas de Gran Canaria
City University of Hong Kong
Georg Olms Verlag
QMUL
Moscow Egineering Physical Institute (Technical University)
EUROSIS
Porto
University of Aarhus
IEEE
Trauner, Linz
ACM
K. G. Saur Verlag
Fachbereich Informatik, Universit
Institute of Informatics, University of Szeged, Hungary
Technical University of Catalonia, Barcelona
LEA Press, Athens, Hellas
North-Holland/IFIP
Springer Vienna
Mediamatica, Delft University of Technology, The Netherlands / ACM
Universit
Thomson Book Company, Washington D.C.
Magdeburg, Fakult
Acta Press
ARPA
GI
INSTICC PRESS
Imperial College Press, London
AAAI Press/MIT Press
DFKI Kaiserslautern
The MIT Press
cnica de Madrid
IEEE Computer Society
ER Institute
Operational Research Society
IS
de Lyon
Cepadues Editions
Shizuoka University of Art and Culture
Hanser, Munich
Department of Computer Science and Engineering, Faculty of Electrical Engineering, Czech Technical University
Akademie Verlag, Berlin
Media Lab Europe
John Benjamins, Amsterdam/Philadelphia
International Society of the Learning Sciences / ACM DL
BCS
padu
Aristotle University of Thessaloniki
IADIS
INPE
Aka GmbH
Eurographics Association
University of Prince Edward Island
Springer-Verlag
Lavoisier
SciTePress
de Gruyter
King's College, London
Bucuresti
Dicolor Press
Akademie Verlag
UFSC
International Community for Auditory Display
Rinton Press
UNITEC Institute of Technology, Auckland, New Zealand
Nijenrode University Press
USENIX
IEEE Computer Soceity
Faculty of Computer Science and Information Technology, Riga Technical University, Riga, Latvia
Department of Geography, University of Zurich
Centre for Telematics and Information Technology (CTIT), University of Twente, The Netherlands
Verlagshaus Mainz, Aachen
Der Andere Verlag, T
MCT/INPE
Escuela Polit
Programmstrukturen und Datenorganisation
School of Information Technology, International University in Germany
Rubettino Editore
Central Institute for Applied Mathematics, J
The University of Auckland
College Publications
Benjamin/Cummings
American Institue of Physics
UFRGS
University of Kaiserslautern, Computer Science
BI Wissenschaftsverlag
ICST/ACM
Ecole Polytechnique F
Magdeburg
Addison-Wesley
Springer Verlag
ICEIS Press
IBFI, Schloss Dagstuhl, Germany
Tampere University of Technology. Pori. Publication
Oxford University Press
CSLI Publications
Wadsworth and Brooks
fortiss GmbH, M
Physica Verlag / Springer
Arizona State University
CNRS - Programme soci
IFAAMAS
The Society for Computer Simulation
IOA Press
Universidad del Sinu
University of Manitoba, Department of Computer Science
Intellect
Eurographics
ISRST
Lawrence Erlbaum
Cuvillier Verlag, G
Federal University of Parana
SCS Publishing House e.V.
The Association for Computer Linguistics
Mediterranean Press (via S. Pellico, 13- Tel. 0984-465645 - 87030 Rende (CS))
Computer Society of India / Allied Publishers
SCS Europe
IEEE Signal Processing Society
tsverlag Rudolf Trauner, Linz, Austria
Dresden
rich
Wien, Austria
Springer India
Verlag Shaker
AAAI Press
AAAI
Information Today
North-Holland Pub Co
Prentice-Hall Inc
Chicago Linguistic Society
Harvard University Press
FEUP Edi
Carleton Scientific
UFU
University of Magdeburg
EUROSTAT
nchen
Chinese Information Processing Society of China
dpunkt
GMD
INSTICC - Institute for Systems and Technologies of Information, Control and Communication
Knowledge Systems Institute
a and Departamento de Ingenier
TU Braunschweig, Institut f
Department of Surveying, Helsinki University of Technology
anakkale, Turkey
ICST (Institute for Computer Sciences, Social-Informatics and Telecommunications Engineering), Brussels, Belgium
ISCA
VERIMAG, IRISA, SDL Forum
rale de Lausanne, CH
Monsenstein und Vannerdat
Herm
SPIE
Simulation Councils, Inc.
D-Facto public
de Saint
Cepadues
University of Kosice, Slovakia
Euro-Arab Management School
CSREA Press
r Informatik (IBFI), Schloss Dagstuhl, Germany
Prentice Hall
ACM Press / Addison-Wesley
VTT Technical Research Centre of Finland / ACM
Lawrence Berkeley Laboratory
Brandenburg Technical University
Taylor and Francis
Vieweg
cnica del Litoral
IFIP
TU Bergakademie Freiberg
IEEE Computer Society/
AAAI Press / The MIT Press
Software Systems Engineering
Prague Stringology Club, Department of Computer Science and Engineering, Faculty of Electrical Engineering, Czech Technical University in Prague
VLDB Endowment
University Printhouse
IADIS Press
Universitaetsverlag Karlsruhe
Centre de Publication Universitaire
UnB
International University, Bruchsal, Germany
Institut National Polytechnique de Lorraine
NASA Ames Research Center
Books on Demand
Enformatika, 
Butterworth-Heinemann
IRCAM - Centre Pompidou in collaboration with Sorbonne University
New Mexico State University, Las Cruces, New Mexico, USA
Allied Publishers Private Limited
Fraunhofer-ALB
Hermes Science Publications
Schloss Dagstuhl - Leibniz-Zentrum fuer Informatik
linguistische Datenverarbeitung
European Language Resources Association
IICAI
Atlantis Press
Slovak University of Technology, Bratislava
ISSA, Pretoria, South Africa
IOS
T - The Society for Imaging Science and Technology
North-Holland
W3C
INFOREC Publishing House Bucharest
Institute of Cybernetics at Tallin Technical University
Universidad Polytecnica de Catalunya
LMU Munich
Kluwer Academic Publishers
University of Waterloo Press
Institute of Computer Science, Martin-Luther-University
UFAM
Editorial Universidad Nacional de Jujuy, San Salvador de Jujuy, Argentina
Curran Associates, Inc.
Physica-Verlag
Department of Computer Science, University of W
JMLR.org
Matfyzpress
Safarik University, Kosice, Slovakia
Editions Suger, Paris
IEEE Computer Society / ACM
Pitman and Morgan Kaufman Publishers
JCIS / Association for Intelligent Machinery, Inc.
Coventry University
University of Glasgow and St. Andrew's
Auerbach
Prentice-Hall Inc
IEEE Computer Society Press
Libraries Unlimited
Gordon and Breach Science Publishers
Trinity College Dublin
SIAM / Omnipress
Facultade de Inform
t Hagen, Germany
German Research Center for Biotechnology
Department of Computer Science, University of Cyprus
Hermes Science
British Machine Vision Association
INRIA
Omnipress
Cambridge University Press, on behalf of the British Computer Society (copyright by British Informatics Society Ltd, a subsidiary of the British Computer Society)
KoREMA
ECSI, Electronic Chips 
Thomson
Centre for Telematics and Information Technology (CTIT), University of Twente, Enschede, The Netherlands
School of Computer and Information Science, Edith Cowan University, Western Australia
Kaiserslautern
Oldenbourg Verlag, Munich
SCS/ACM
SIAM
Helsinki University Printing House, Helsinki
Department of Computer Science and Engineering, M
IUT Metz
Systems design Initiative
William Kaufmann
Magdeburg, Magdeburg, Germany
American Mathematical Society
Chapman 
Oldenbourg Verlag
University of Antwerp
MTA SZTAKI, Hungarian Academy of Sciences, Budapest, Hungary
Universidad Polit
Springer
Association for Computational Linguistics
Europia
AFCET
HPI/MIT
Lavoisier
Thomson Editorial
Universidad Carlos III de Madrid
Ausbildung und Studium, VAS in der Elefanten Press
Backhouse Press
SIPTA
Tribun EU
dpunkt.verlag/Copublication with Morgan-Kaufmann
Carleton University Press
IOS Press
INRIA Rh
tienne
ibai-publishing
Schloss Dagstuhl - Leibniz-Zentrum fuer Informatik, Germany
Escuela Superior Polit
International Society of the Learning Sciences
Logica Ltd., Cambridge, UK
UILOTS Utrecht
DFKI
World Scientific Press
Product 
Darmstadt, Insitute of Microelectronic Systems
nes-Alpes - IMAG-LIFIA
PUC-Rio
North-Holland / Elsevier
Ulm, Germany
Prentice-Hall
Austrian Computer Society
John Wiley and Sons, Chichester
Wiley
Departamento de Sistemas Informaticos y Computacion, Universidad Politecnica de Valencia
Katholieke Universiteit Leuven, Department of Computer Science, Celestijnenlaan 200A, B-3001 Heverlee (Belgium)
Hermes/Lavoisier
IDEA Group Publishing
University of Twente
Edizioni Seneca
Lero Int. Science Centre, University of Limerick, Ireland
A. A. Balkema Publishers
Verlag C. H. Beck
Verlag f
Physika Verlag
John Wiley & Sons
DNB
Cambridge University Press
CIACO
TEKNEA
King's College Publications
Department of Computer Science, The University of Western Ontario, Canada
Bangladesh Academy of Sciences (BAS)
Humbold-Universit
World Scientific Publishing
IBFI, Dagstuhl
Roskilde University
tsdruckerei Rostock, Germany / ACM
Computer Measurement Group
COPPE/UFRJ
European Computer-Industry Research Centre, Munich
University of Alberta
IFIP
Institute of Informatics, Faculty of Electrical Engineering and Computer Science, Smetanova 17, IS-2000 Maribor, Slovenia
ping University Electronic Press
Hamburg University of Technology
Cork Publishing Ltd
Imperial College Press
IEEE Systems, Man, and Cybernetics Society
University of Miami
ACM/SIAM
Ruder Boskovic Institute, Zagreb, Croatia
DELOS: an Association for Digital Libraries / Department of Information Engineering of the University of Padua
UVK - Universitaetsverlag Konstanz
Technische Universiteit Eindhoven
www.educationaldatamining.org
VDE Verlag
ACM / Canadian Human-Computer Communications Society
Wissenschaft und Forschung
MCCME Publishing House, Moscow
IOS press
AUAI Press
Internationales Begegnungs- und Forschungszentrum (IBFI), Schloss Dagstuhl, Germany
cnica de Valicia, Departamento de Sistemas Inform
National University of Singapore
Studi di Milano, Milan, Italy
Esculapio Editore
XML-Clearinghouse
The AAAI Press
CSIRO Publishing
ICST
US Education Service
World Scientific
ICSC Academic Press, International Computer Science Conventions, Canada / Switzerland
ACM Press
Otto-von-Guericke-Universit
Institut f. Wissenschaftliches Rechnen Eidgenoessische Technische Hochschule Z
MIT Press
Universidad de Valladolid, Departamento de Inform
FIFF
ftsprozessmanagement mit Ereignisgesteuerten Prozessketten
ADERIAS-LIA, Universite de Savoie
ACIS
Morgan Kaufmann Publishers / ACL
Canadian Human-Computer Communications Society
Teubner
Luniver Press, Frome, UK
IASTED/ACTA Press
Suger, Saint-Denis, rue Catulienne, France
Nevsky Dialect
North Holland 
North-Holland
North-Holland/Elsevier Science Publishers
Society for Computer Simulation International / ACM DL
Katholieke Universiteit Leuven, Belgium
aka / IOS Press / infix
ACTA Press
Australian Computer Society
GI German Informatics Society
John Wiley
a de Software VLIR-ESPOL Componente 8, Facultad de Ingenier
Logos Verlag
AACE
U. C. Santa Barbara, Dept. of Elec. and Computer Eng., ECE Report No 82-04
Roskilde University, Roskilde, Denmark
Universidade da Coru
Koninklijke Vlaamse Academie van Belie voor Wetenschappen en Kunsten
University of St. Gallen
DELOS: an Association for Digital Libraries
Springer and British Computer Society
University of Karlsruhe, Institut f
BA-University Stuttgart
TERENA
Plenum Press, New York
Association for Computational Linguistics and Chinese Language Processing (ACLCLP), Taiwan
Max-Planck-Institut f
rzburg, Germany
Informationssysteme
Grupo de Paralelismo, Departamento de Inform
DELOS: a Network of Excellence on Digital Libraries
Academic Conferences Limited, Reading, UK
Shaker
Metropolis
Hochschulverband f
International Society for Music Information Retrieval
Information Processing Society of Japan (IPSJ)
GITO-Verlag, Berlin
Turku Center for Computer Science
Elsevier
Universitat de les Illes Balears, Palma de Mallorca, Spain
PUG
CID - Le Centre de Hautes Etudes Internationales D'Informatique Documentaire
The Internet Society
Verlagshaus Mainz, Aachen, Germany
Athens University of Economics and Business / AISeL
European Design and Automation Association, Leuven, Belgium
University of Milan
IBaI publishing
Martin-Luther-University Halle-Wittenberg
AISB
sterreichische Computer Gesellschaft
University of British Columbia, Media and Graphics Interdisciplinary Center (MAGIC)
Pitagora Editrice Bologna
IIIS
SBC
Internationales Begegnungs- und Forschungszentrum fuer Informatik (IBFI), Schloss Dagstuhl, Germany
Bogazi
Institute of Computer Science AS CR, Prague
Informationswissenschaft
Metropolis-Verlag
De Montfort University, Leicester, UK
International Computational Intelligence Society
Amsterdam University Press
Morgan Kaufmann
Professional Book Center
Grafisch Centrum Amsterdam
University of Melbourne, Department of Computer Science
Benja Publishing, Lokve, Croatia
IEEE/ACM
ACM/Addison-Wesley
Vieweg+Teubner
Newswood Limited
Gesellschaft f
ICMC/USP
Presses Universitaires de Namur
L. Erlbaum Associates Inc. Hillsdale, NJ, USA
LSIS-USTV
AISeL
Erlbaum
Methuen and Co ltd
Methuen and Co
Tsinghua University Press
University of Hildesheim, Institute of Computer Science
ACM/Springer
IJCAI/AAAI
Silesian University, Institute of Computer Science, Opava, Czech Republic
British Computer Society
Plemum Press
Kindai Kagaku Sha Co. Ltd., Tokyo, Japan
GI-Arbeitskreis Gesch
University Siegen, Germany
Lit Verlag
Informatik, Universit
Queensland University of Technology
Demonstrations Volume
Kluwer
FernUniversit
GMD-Forschungszentrum Informationstechnik GmbH
Computer Society of India
Clarendon Press
ECSI
Univ. Montpellier II
sseldorf
Editura Academiei Rom
Fakult
Lawrence Erlbaum Associates
Lancaster University
ICCC Press, Washington DC, USA
Rudjer Boskovic Institute, Zagreb, Croatia
Association for Information Systems
ETH Z
LOT Utrecht
DFKI, Kaiserslautern
Pennsylvania State University Press
ttingen
CNRS, Toulose, France
Carnegie Mellon University
RANLP 2011 Organising Committee
Duisburg-Essen
Dept. of Computer Science, KAIST, P.O. Box 150, ChongRyang, Seoul, 131-650, Korea
National Institute of Informatics, Tokyo, Japan
IBaI Publishing
University of Applied Sciences at Zittau/G
www.crdrdb.org
ISPE
Springer-Verlag Singapore Pte. Ltd.
CEFET-PB
IEEE Computer Society
Universitas Ostraviensis
AFIPS Press
Hermes
Faculty of Music, McGill University
Chapman Hall
ICSC Academic Press, Rochester, NY, USA
ACM/MIT
USENIX Association
Seneca Edizioni Torino
Deutscher Universit
Internationales Begegnungs- und Forschungszentrum f
IEEE Computer Society and ACM
Vienna University of Technology
CID
ACM/IEEE
INSTICC Press
Rostock
Pontificia Universidad Cat
Shaker Verlag
Research Group on Mathematical Linguistics, Universitat Rovira i Virgili, Tarragona
Butterworths
Mathematical Institute of the Slovak Academy of Sciences
cnia, Universidad de Extremadura
WSC
IBERGARCETA Pub. S.L.
National Institute of Standards and Technology (NIST)
Knowledge Systems Institute Graduate School
DMTCS
Link
Facultad de Ciencias e Ingenier
Graz University of Technology
MMV Medizin Verlag
VDE-Verlag
University of Kuopio, Department of Computer Science
Edizioni Libreria Progetto, Padova
Morgan Kaufmann Publishers
Morgan Kaufmann Publishers Inc
Computer Science Department III, University of Bonn
Peter Lang