 based
Analysis
analysis
model
systems.
Systems.
networks.
Data
Based
algorithm
Design
Information
approach
system
Algorithm
data
method
Networks.
New
Model
systems
System
Systems
control
Efficient
Performance
information
fuzzy
Approach
Distributed
Optimal
Learning
Control
design
network
Parallel
new
Network
Dynamic
Adaptive
neural
Software
Application
Wireless
linear
Modeling
Networks
Linear
Method
Algorithms
Image
via
networks
image
Web
wireless
Neural
Mobile
learning
Fuzzy
With
performance
graphs.
application
study
software
algorithms
estimation
nonlinear
Fast
Some
adaptive
Detection
dynamic
under
detection
Evaluation
mobile
models
Computer
problem
Computing
Management
multiple
Estimation
distributed
From
Robust
de
System.
time
Multiple
management
Complexity
3D
optimization
Time
Knowledge
problem.
system.
Optimization
Power
Digital
methods
Models
Study
Special
scheduling
data.
framework
analysis.
Logic
Automatic
evaluation
support
efficient
parallel
Problem
modeling
approach.
Development
problems.
Scheduling
Sensor
Random
und
Virtual
Theory
Finite
case
Framework
Programming
Applications
Generalized
simulation
Towards
decision
der
Communication
Simulation
Methods
finite
applications.
graphs
problems
Implementation
Graphs.
model.
knowledge
search
optimal
Guest
Computational
Nonlinear
Bayesian
generalized
models.
Editorial.
classification
scheme
Applications.
digital
Two
Support
sensor
process
Decision
random
Case
selection
power
Language
Search
programming
Local
solutions
structure
Scheme
Internet
Improved
Security
hybrid
Hybrid
recognition
genetic
Architecture
Stochastic
Video
Classification
Graph
number
Global
Problem.
Database
computer
Problems
Error
MIMO
Online
Research
or
Structure
solution
Real-Time
How
Analysis.
Channel
class
service
Routing
Comparison
stochastic
Recognition
equations.
differential
Large
Processing
Improving
two
applications
Process
Markov
use
Codes
Graphs
Visual
routing
Semantic
Service
video
theory
Approximation
protein
Bounds
Problems.
algorithm.
vector
communication
large
web
computing
Approach.
Generation
Selection
order
Novel
High
Numerical
functions
Set
von
Access
Statistical
Use
function
Model.
prediction
development
codes
Gaussian
virtual
human
complexity
Interactive
novel
flow
Technology
Data.
set
Part
sequence
method.
quality
implementation
architecture
error
User
Genetic
database
discrete
gene
Its
Human
complex
Simple
Memory
Test
robust
tool
Solving
Number
processing
Probabilistic
Spatial
General
Effects
Intelligent
Binary
Social
Coding
generation
Stability
local
properties
equations
identification
Computation
integrated
clustering
Automated
Testing
Discrete
Object
Modelling
Motion
Hierarchical
Electronic
Algorithm.
logic
graph
Integrated
stability
Introduction
Functions
study.
Models.
channel
sets
Quality
fast
State
Formal
Complex
Secure
Multimedia
Properties
Construction
comparison
some
Identification
Note
Protocol
approximation
general
distribution
access
online
functions.
Techniques
Tree
solving
Feature
techniques
real-time
images.
Prediction
note
boundary
Sets
Vector
network.
feature
Cognitive
global
Resource
functional
Representation
high
binary
Impact
Engineering
algorithms.
Finding
Class
coding
are
Integration
pattern
Artificial
Functional
codes.
Clustering
modelling
Partial
Mining
design.
Algorithms.
value
Group
machine
without
computational
Flow
Pattern
Minimum
Boolean
channels.
Preface.
Maximum
Allocation
motion
Solution
Order
spatial
Optical
Temporal
des
Capacity
Energy
Cooperative
Algebraic
resource
research
allocation
technology
Space
visual
Program
IEEE
Matrix
effects
numerical
retrieval
Polynomial
Machine
planning
dynamics
Differential
Key
Review
simple
point
that
product
Function
equation
Network.
matrix
Building
Empirical
user
Fault
DNA
Retrieval
test
Toward
Matching
bounds
Quantum
Cellular
language
segmentation
technique
Distribution
rate
space
environment.
Signal
Low
representation
recognition.
Iterative
surface
Collaborative
Joint
Tracking
social
optical
Reduction
impact
group
Effect
security
protocol
Characterization
Functions.
statistical
Designing
Issue
Evolutionary
Business
Geometric
images
interactive
